

================================================================
== Vitis HLS Report for 'dft'
================================================================
* Date:           Fri Nov 17 21:19:09 2023

* Version:        2023.1 (Build 3854077 on May  4 2023)
* Project:        hls
* Solution:       solution1 (Vivado IP Flow Target)
* Product family: zynq
* Target device:  xc7z020-clg400-1


================================================================
== Performance Estimates
================================================================
+ Timing: 
    * Summary: 
    +--------+----------+----------+------------+
    |  Clock |  Target  | Estimated| Uncertainty|
    +--------+----------+----------+------------+
    |ap_clk  |  10.00 ns|  8.710 ns|     2.70 ns|
    +--------+----------+----------+------------+

+ Latency: 
    * Summary: 
    +---------+---------+----------+----------+--------+--------+---------+
    |  Latency (cycles) |  Latency (absolute) |     Interval    | Pipeline|
    |   min   |   max   |    min   |    max   |   min  |   max  |   Type  |
    +---------+---------+----------+----------+--------+--------+---------+
    |   418097|   418097|  4.181 ms|  4.181 ms|  418098|  418098|       no|
    +---------+---------+----------+----------+--------+--------+---------+

    + Detail: 
        * Instance: 
        N/A

        * Loop: 
        +--------------------+---------+---------+----------+-----------+-----------+------+----------+
        |                    |  Latency (cycles) | Iteration|  Initiation Interval  | Trip |          |
        |      Loop Name     |   min   |   max   |  Latency |  achieved |   target  | Count| Pipelined|
        +--------------------+---------+---------+----------+-----------+-----------+------+----------+
        |- VITIS_LOOP_22_1   |   418080|   418080|     13065|          -|          -|    32|        no|
        | + VITIS_LOOP_28_2  |     1632|     1632|        51|          -|          -|    32|        no|
        | + VITIS_LOOP_28_2  |     1632|     1632|        51|          -|          -|    32|        no|
        | + VITIS_LOOP_28_2  |     1632|     1632|        51|          -|          -|    32|        no|
        | + VITIS_LOOP_28_2  |     1632|     1632|        51|          -|          -|    32|        no|
        | + VITIS_LOOP_28_2  |     1632|     1632|        51|          -|          -|    32|        no|
        | + VITIS_LOOP_28_2  |     1632|     1632|        51|          -|          -|    32|        no|
        | + VITIS_LOOP_28_2  |     1632|     1632|        51|          -|          -|    32|        no|
        | + VITIS_LOOP_28_2  |     1632|     1632|        51|          -|          -|    32|        no|
        +--------------------+---------+---------+----------+-----------+-----------+------+----------+



================================================================
== Utilization Estimates
================================================================
* Summary: 
+-----------------+---------+-----+--------+--------+-----+
|       Name      | BRAM_18K| DSP |   FF   |   LUT  | URAM|
+-----------------+---------+-----+--------+--------+-----+
|DSP              |        -|    -|       -|       -|    -|
|Expression       |        -|    -|       0|    1022|    -|
|FIFO             |        -|    -|       -|       -|    -|
|Instance         |        -|   36|    2374|  174932|    -|
|Memory           |       32|    -|       0|       0|    0|
|Multiplexer      |        -|    -|       -|   13642|    -|
|Register         |        -|    -|    6772|       -|    -|
+-----------------+---------+-----+--------+--------+-----+
|Total            |       32|   36|    9146|  189596|    0|
+-----------------+---------+-----+--------+--------+-----+
|Available        |      280|  220|  106400|   53200|    0|
+-----------------+---------+-----+--------+--------+-----+
|Utilization (%)  |       11|   16|       8|     356|    0|
+-----------------+---------+-----+--------+--------+-----+

+ Detail: 
    * Instance: 
    +---------------------------------------+------------------------------------+---------+----+-----+------+-----+
    |                Instance               |               Module               | BRAM_18K| DSP|  FF |  LUT | URAM|
    +---------------------------------------+------------------------------------+---------+----+-----+------+-----+
    |fadd_32ns_32ns_32_5_full_dsp_1_U2      |fadd_32ns_32ns_32_5_full_dsp_1      |        0|   2|  205|   390|    0|
    |fadd_32ns_32ns_32_5_full_dsp_1_U4      |fadd_32ns_32ns_32_5_full_dsp_1      |        0|   2|  205|   390|    0|
    |fadd_32ns_32ns_32_5_full_dsp_1_U6      |fadd_32ns_32ns_32_5_full_dsp_1      |        0|   2|  205|   390|    0|
    |faddfsub_32ns_32ns_32_5_full_dsp_1_U1  |faddfsub_32ns_32ns_32_5_full_dsp_1  |        0|   2|  205|   390|    0|
    |fmul_32ns_32ns_32_4_max_dsp_1_U7       |fmul_32ns_32ns_32_4_max_dsp_1       |        0|   3|  143|   321|    0|
    |fmul_32ns_32ns_32_4_max_dsp_1_U8       |fmul_32ns_32ns_32_4_max_dsp_1       |        0|   3|  143|   321|    0|
    |fmul_32ns_32ns_32_4_max_dsp_1_U9       |fmul_32ns_32ns_32_4_max_dsp_1       |        0|   3|  143|   321|    0|
    |fmul_32ns_32ns_32_4_max_dsp_1_U10      |fmul_32ns_32ns_32_4_max_dsp_1       |        0|   3|  143|   321|    0|
    |fmul_32ns_32ns_32_4_max_dsp_1_U11      |fmul_32ns_32ns_32_4_max_dsp_1       |        0|   3|  143|   321|    0|
    |fmul_32ns_32ns_32_4_max_dsp_1_U12      |fmul_32ns_32ns_32_4_max_dsp_1       |        0|   3|  143|   321|    0|
    |fmul_32ns_32ns_32_4_max_dsp_1_U13      |fmul_32ns_32ns_32_4_max_dsp_1       |        0|   3|  143|   321|    0|
    |fmul_32ns_32ns_32_4_max_dsp_1_U14      |fmul_32ns_32ns_32_4_max_dsp_1       |        0|   3|  143|   321|    0|
    |fsub_32ns_32ns_32_5_full_dsp_1_U3      |fsub_32ns_32ns_32_5_full_dsp_1      |        0|   2|  205|   390|    0|
    |fsub_32ns_32ns_32_5_full_dsp_1_U5      |fsub_32ns_32ns_32_5_full_dsp_1      |        0|   2|  205|   390|    0|
    |mul_8s_8s_8_1_1_U15                    |mul_8s_8s_8_1_1                     |        0|   0|    0|    41|    0|
    |mul_8s_8s_8_1_1_U32                    |mul_8s_8s_8_1_1                     |        0|   0|    0|    41|    0|
    |mul_8s_8s_8_1_1_U49                    |mul_8s_8s_8_1_1                     |        0|   0|    0|    41|    0|
    |mul_8s_8s_8_1_1_U66                    |mul_8s_8s_8_1_1                     |        0|   0|    0|    41|    0|
    |mul_8s_8s_8_1_1_U83                    |mul_8s_8s_8_1_1                     |        0|   0|    0|    41|    0|
    |mul_8s_8s_8_1_1_U100                   |mul_8s_8s_8_1_1                     |        0|   0|    0|    41|    0|
    |mul_8s_8s_8_1_1_U117                   |mul_8s_8s_8_1_1                     |        0|   0|    0|    41|    0|
    |mul_8s_8s_8_1_1_U134                   |mul_8s_8s_8_1_1                     |        0|   0|    0|    41|    0|
    |mux_193_8_32_1_1_U16                   |mux_193_8_32_1_1                    |        0|   0|    0|  1028|    0|
    |mux_193_8_32_1_1_U17                   |mux_193_8_32_1_1                    |        0|   0|    0|  1028|    0|
    |mux_225_8_32_1_1_U24                   |mux_225_8_32_1_1                    |        0|   0|    0|  1198|    0|
    |mux_225_8_32_1_1_U25                   |mux_225_8_32_1_1                    |        0|   0|    0|  1198|    0|
    |mux_225_8_32_1_1_U84                   |mux_225_8_32_1_1                    |        0|   0|    0|  1198|    0|
    |mux_225_8_32_1_1_U85                   |mux_225_8_32_1_1                    |        0|   0|    0|  1198|    0|
    |mux_241_8_32_1_1_U20                   |mux_241_8_32_1_1                    |        0|   0|    0|  1282|    0|
    |mux_241_8_32_1_1_U21                   |mux_241_8_32_1_1                    |        0|   0|    0|  1282|    0|
    |mux_241_8_32_1_1_U28                   |mux_241_8_32_1_1                    |        0|   0|    0|  1282|    0|
    |mux_241_8_32_1_1_U29                   |mux_241_8_32_1_1                    |        0|   0|    0|  1282|    0|
    |mux_241_8_32_1_1_U50                   |mux_241_8_32_1_1                    |        0|   0|    0|  1282|    0|
    |mux_241_8_32_1_1_U51                   |mux_241_8_32_1_1                    |        0|   0|    0|  1282|    0|
    |mux_241_8_32_1_1_U92                   |mux_241_8_32_1_1                    |        0|   0|    0|  1282|    0|
    |mux_241_8_32_1_1_U93                   |mux_241_8_32_1_1                    |        0|   0|    0|  1282|    0|
    |mux_241_8_32_1_1_U118                  |mux_241_8_32_1_1                    |        0|   0|    0|  1282|    0|
    |mux_241_8_32_1_1_U119                  |mux_241_8_32_1_1                    |        0|   0|    0|  1282|    0|
    |mux_245_8_32_1_1_U54                   |mux_245_8_32_1_1                    |        0|   0|    0|  1303|    0|
    |mux_245_8_32_1_1_U55                   |mux_245_8_32_1_1                    |        0|   0|    0|  1303|    0|
    |mux_245_8_32_1_1_U130                  |mux_245_8_32_1_1                    |        0|   0|    0|  1303|    0|
    |mux_245_8_32_1_1_U131                  |mux_245_8_32_1_1                    |        0|   0|    0|  1303|    0|
    |mux_249_8_32_1_1_U18                   |mux_249_8_32_1_1                    |        0|   0|    0|  1324|    0|
    |mux_249_8_32_1_1_U19                   |mux_249_8_32_1_1                    |        0|   0|    0|  1324|    0|
    |mux_249_8_32_1_1_U22                   |mux_249_8_32_1_1                    |        0|   0|    0|  1324|    0|
    |mux_249_8_32_1_1_U23                   |mux_249_8_32_1_1                    |        0|   0|    0|  1324|    0|
    |mux_249_8_32_1_1_U26                   |mux_249_8_32_1_1                    |        0|   0|    0|  1324|    0|
    |mux_249_8_32_1_1_U27                   |mux_249_8_32_1_1                    |        0|   0|    0|  1324|    0|
    |mux_249_8_32_1_1_U30                   |mux_249_8_32_1_1                    |        0|   0|    0|  1324|    0|
    |mux_249_8_32_1_1_U31                   |mux_249_8_32_1_1                    |        0|   0|    0|  1324|    0|
    |mux_249_8_32_1_1_U33                   |mux_249_8_32_1_1                    |        0|   0|    0|  1324|    0|
    |mux_249_8_32_1_1_U34                   |mux_249_8_32_1_1                    |        0|   0|    0|  1324|    0|
    |mux_249_8_32_1_1_U58                   |mux_249_8_32_1_1                    |        0|   0|    0|  1324|    0|
    |mux_249_8_32_1_1_U59                   |mux_249_8_32_1_1                    |        0|   0|    0|  1324|    0|
    |mux_249_8_32_1_1_U67                   |mux_249_8_32_1_1                    |        0|   0|    0|  1324|    0|
    |mux_249_8_32_1_1_U68                   |mux_249_8_32_1_1                    |        0|   0|    0|  1324|    0|
    |mux_249_8_32_1_1_U88                   |mux_249_8_32_1_1                    |        0|   0|    0|  1324|    0|
    |mux_249_8_32_1_1_U89                   |mux_249_8_32_1_1                    |        0|   0|    0|  1324|    0|
    |mux_249_8_32_1_1_U96                   |mux_249_8_32_1_1                    |        0|   0|    0|  1324|    0|
    |mux_249_8_32_1_1_U97                   |mux_249_8_32_1_1                    |        0|   0|    0|  1324|    0|
    |mux_249_8_32_1_1_U101                  |mux_249_8_32_1_1                    |        0|   0|    0|  1324|    0|
    |mux_249_8_32_1_1_U102                  |mux_249_8_32_1_1                    |        0|   0|    0|  1324|    0|
    |mux_249_8_32_1_1_U126                  |mux_249_8_32_1_1                    |        0|   0|    0|  1324|    0|
    |mux_249_8_32_1_1_U127                  |mux_249_8_32_1_1                    |        0|   0|    0|  1324|    0|
    |mux_249_8_32_1_1_U135                  |mux_249_8_32_1_1                    |        0|   0|    0|  1324|    0|
    |mux_249_8_32_1_1_U136                  |mux_249_8_32_1_1                    |        0|   0|    0|  1324|    0|
    |mux_250_8_32_1_1_U35                   |mux_250_8_32_1_1                    |        0|   0|    0|  1330|    0|
    |mux_250_8_32_1_1_U36                   |mux_250_8_32_1_1                    |        0|   0|    0|  1330|    0|
    |mux_250_8_32_1_1_U73                   |mux_250_8_32_1_1                    |        0|   0|    0|  1330|    0|
    |mux_250_8_32_1_1_U74                   |mux_250_8_32_1_1                    |        0|   0|    0|  1330|    0|
    |mux_250_8_32_1_1_U111                  |mux_250_8_32_1_1                    |        0|   0|    0|  1330|    0|
    |mux_250_8_32_1_1_U112                  |mux_250_8_32_1_1                    |        0|   0|    0|  1330|    0|
    |mux_250_8_32_1_1_U149                  |mux_250_8_32_1_1                    |        0|   0|    0|  1330|    0|
    |mux_250_8_32_1_1_U150                  |mux_250_8_32_1_1                    |        0|   0|    0|  1330|    0|
    |mux_251_8_32_1_1_U37                   |mux_251_8_32_1_1                    |        0|   0|    0|  1335|    0|
    |mux_251_8_32_1_1_U38                   |mux_251_8_32_1_1                    |        0|   0|    0|  1335|    0|
    |mux_251_8_32_1_1_U52                   |mux_251_8_32_1_1                    |        0|   0|    0|  1335|    0|
    |mux_251_8_32_1_1_U53                   |mux_251_8_32_1_1                    |        0|   0|    0|  1335|    0|
    |mux_251_8_32_1_1_U60                   |mux_251_8_32_1_1                    |        0|   0|    0|  1335|    0|
    |mux_251_8_32_1_1_U61                   |mux_251_8_32_1_1                    |        0|   0|    0|  1335|    0|
    |mux_251_8_32_1_1_U79                   |mux_251_8_32_1_1                    |        0|   0|    0|  1335|    0|
    |mux_251_8_32_1_1_U80                   |mux_251_8_32_1_1                    |        0|   0|    0|  1335|    0|
    |mux_251_8_32_1_1_U105                  |mux_251_8_32_1_1                    |        0|   0|    0|  1335|    0|
    |mux_251_8_32_1_1_U106                  |mux_251_8_32_1_1                    |        0|   0|    0|  1335|    0|
    |mux_251_8_32_1_1_U124                  |mux_251_8_32_1_1                    |        0|   0|    0|  1335|    0|
    |mux_251_8_32_1_1_U125                  |mux_251_8_32_1_1                    |        0|   0|    0|  1335|    0|
    |mux_251_8_32_1_1_U132                  |mux_251_8_32_1_1                    |        0|   0|    0|  1335|    0|
    |mux_251_8_32_1_1_U133                  |mux_251_8_32_1_1                    |        0|   0|    0|  1335|    0|
    |mux_251_8_32_1_1_U147                  |mux_251_8_32_1_1                    |        0|   0|    0|  1335|    0|
    |mux_251_8_32_1_1_U148                  |mux_251_8_32_1_1                    |        0|   0|    0|  1335|    0|
    |mux_252_8_32_1_1_U39                   |mux_252_8_32_1_1                    |        0|   0|    0|  1340|    0|
    |mux_252_8_32_1_1_U40                   |mux_252_8_32_1_1                    |        0|   0|    0|  1340|    0|
    |mux_252_8_32_1_1_U69                   |mux_252_8_32_1_1                    |        0|   0|    0|  1340|    0|
    |mux_252_8_32_1_1_U70                   |mux_252_8_32_1_1                    |        0|   0|    0|  1340|    0|
    |mux_252_8_32_1_1_U115                  |mux_252_8_32_1_1                    |        0|   0|    0|  1340|    0|
    |mux_252_8_32_1_1_U116                  |mux_252_8_32_1_1                    |        0|   0|    0|  1340|    0|
    |mux_252_8_32_1_1_U145                  |mux_252_8_32_1_1                    |        0|   0|    0|  1340|    0|
    |mux_252_8_32_1_1_U146                  |mux_252_8_32_1_1                    |        0|   0|    0|  1340|    0|
    |mux_253_8_32_1_1_U41                   |mux_253_8_32_1_1                    |        0|   0|    0|  1346|    0|
    |mux_253_8_32_1_1_U42                   |mux_253_8_32_1_1                    |        0|   0|    0|  1346|    0|
    |mux_253_8_32_1_1_U62                   |mux_253_8_32_1_1                    |        0|   0|    0|  1346|    0|
    |mux_253_8_32_1_1_U63                   |mux_253_8_32_1_1                    |        0|   0|    0|  1346|    0|
    |mux_253_8_32_1_1_U75                   |mux_253_8_32_1_1                    |        0|   0|    0|  1346|    0|
    |mux_253_8_32_1_1_U76                   |mux_253_8_32_1_1                    |        0|   0|    0|  1346|    0|
    |mux_253_8_32_1_1_U86                   |mux_253_8_32_1_1                    |        0|   0|    0|  1346|    0|
    |mux_253_8_32_1_1_U87                   |mux_253_8_32_1_1                    |        0|   0|    0|  1346|    0|
    |mux_253_8_32_1_1_U90                   |mux_253_8_32_1_1                    |        0|   0|    0|  1346|    0|
    |mux_253_8_32_1_1_U91                   |mux_253_8_32_1_1                    |        0|   0|    0|  1346|    0|
    |mux_253_8_32_1_1_U94                   |mux_253_8_32_1_1                    |        0|   0|    0|  1346|    0|
    |mux_253_8_32_1_1_U95                   |mux_253_8_32_1_1                    |        0|   0|    0|  1346|    0|
    |mux_253_8_32_1_1_U98                   |mux_253_8_32_1_1                    |        0|   0|    0|  1346|    0|
    |mux_253_8_32_1_1_U99                   |mux_253_8_32_1_1                    |        0|   0|    0|  1346|    0|
    |mux_253_8_32_1_1_U109                  |mux_253_8_32_1_1                    |        0|   0|    0|  1346|    0|
    |mux_253_8_32_1_1_U110                  |mux_253_8_32_1_1                    |        0|   0|    0|  1346|    0|
    |mux_253_8_32_1_1_U122                  |mux_253_8_32_1_1                    |        0|   0|    0|  1346|    0|
    |mux_253_8_32_1_1_U123                  |mux_253_8_32_1_1                    |        0|   0|    0|  1346|    0|
    |mux_253_8_32_1_1_U143                  |mux_253_8_32_1_1                    |        0|   0|    0|  1346|    0|
    |mux_253_8_32_1_1_U144                  |mux_253_8_32_1_1                    |        0|   0|    0|  1346|    0|
    |mux_254_8_32_1_1_U43                   |mux_254_8_32_1_1                    |        0|   0|    0|  1351|    0|
    |mux_254_8_32_1_1_U44                   |mux_254_8_32_1_1                    |        0|   0|    0|  1351|    0|
    |mux_254_8_32_1_1_U81                   |mux_254_8_32_1_1                    |        0|   0|    0|  1351|    0|
    |mux_254_8_32_1_1_U82                   |mux_254_8_32_1_1                    |        0|   0|    0|  1351|    0|
    |mux_254_8_32_1_1_U103                  |mux_254_8_32_1_1                    |        0|   0|    0|  1351|    0|
    |mux_254_8_32_1_1_U104                  |mux_254_8_32_1_1                    |        0|   0|    0|  1351|    0|
    |mux_254_8_32_1_1_U141                  |mux_254_8_32_1_1                    |        0|   0|    0|  1351|    0|
    |mux_254_8_32_1_1_U142                  |mux_254_8_32_1_1                    |        0|   0|    0|  1351|    0|
    |mux_255_8_32_1_1_U45                   |mux_255_8_32_1_1                    |        0|   0|    0|  1356|    0|
    |mux_255_8_32_1_1_U46                   |mux_255_8_32_1_1                    |        0|   0|    0|  1356|    0|
    |mux_255_8_32_1_1_U56                   |mux_255_8_32_1_1                    |        0|   0|    0|  1356|    0|
    |mux_255_8_32_1_1_U57                   |mux_255_8_32_1_1                    |        0|   0|    0|  1356|    0|
    |mux_255_8_32_1_1_U64                   |mux_255_8_32_1_1                    |        0|   0|    0|  1356|    0|
    |mux_255_8_32_1_1_U65                   |mux_255_8_32_1_1                    |        0|   0|    0|  1356|    0|
    |mux_255_8_32_1_1_U71                   |mux_255_8_32_1_1                    |        0|   0|    0|  1356|    0|
    |mux_255_8_32_1_1_U72                   |mux_255_8_32_1_1                    |        0|   0|    0|  1356|    0|
    |mux_255_8_32_1_1_U113                  |mux_255_8_32_1_1                    |        0|   0|    0|  1356|    0|
    |mux_255_8_32_1_1_U114                  |mux_255_8_32_1_1                    |        0|   0|    0|  1356|    0|
    |mux_255_8_32_1_1_U120                  |mux_255_8_32_1_1                    |        0|   0|    0|  1356|    0|
    |mux_255_8_32_1_1_U121                  |mux_255_8_32_1_1                    |        0|   0|    0|  1356|    0|
    |mux_255_8_32_1_1_U128                  |mux_255_8_32_1_1                    |        0|   0|    0|  1356|    0|
    |mux_255_8_32_1_1_U129                  |mux_255_8_32_1_1                    |        0|   0|    0|  1356|    0|
    |mux_255_8_32_1_1_U139                  |mux_255_8_32_1_1                    |        0|   0|    0|  1356|    0|
    |mux_255_8_32_1_1_U140                  |mux_255_8_32_1_1                    |        0|   0|    0|  1356|    0|
    |mux_256_8_32_1_1_U47                   |mux_256_8_32_1_1                    |        0|   0|    0|  1362|    0|
    |mux_256_8_32_1_1_U48                   |mux_256_8_32_1_1                    |        0|   0|    0|  1362|    0|
    |mux_256_8_32_1_1_U77                   |mux_256_8_32_1_1                    |        0|   0|    0|  1362|    0|
    |mux_256_8_32_1_1_U78                   |mux_256_8_32_1_1                    |        0|   0|    0|  1362|    0|
    |mux_256_8_32_1_1_U107                  |mux_256_8_32_1_1                    |        0|   0|    0|  1362|    0|
    |mux_256_8_32_1_1_U108                  |mux_256_8_32_1_1                    |        0|   0|    0|  1362|    0|
    |mux_256_8_32_1_1_U137                  |mux_256_8_32_1_1                    |        0|   0|    0|  1362|    0|
    |mux_256_8_32_1_1_U138                  |mux_256_8_32_1_1                    |        0|   0|    0|  1362|    0|
    +---------------------------------------+------------------------------------+---------+----+-----+------+-----+
    |Total                                  |                                    |        0|  36| 2374|174932|    0|
    +---------------------------------------+------------------------------------+---------+----+-----+------+-----+

    * DSP: 
    N/A

    * Memory: 
    +---------------+-------------------------+---------+---+----+-----+------+-----+------+-------------+
    |     Memory    |          Module         | BRAM_18K| FF| LUT| URAM| Words| Bits| Banks| W*Bits*Banks|
    +---------------+-------------------------+---------+---+----+-----+------+-----+------+-------------+
    |temp_real_U    |temp_real_RAM_AUTO_1R1W  |        2|  0|   0|    0|    32|   32|     1|         1024|
    |temp_real_1_U  |temp_real_RAM_AUTO_1R1W  |        2|  0|   0|    0|    32|   32|     1|         1024|
    |temp_real_2_U  |temp_real_RAM_AUTO_1R1W  |        2|  0|   0|    0|    32|   32|     1|         1024|
    |temp_real_3_U  |temp_real_RAM_AUTO_1R1W  |        2|  0|   0|    0|    32|   32|     1|         1024|
    |temp_real_4_U  |temp_real_RAM_AUTO_1R1W  |        2|  0|   0|    0|    32|   32|     1|         1024|
    |temp_real_5_U  |temp_real_RAM_AUTO_1R1W  |        2|  0|   0|    0|    32|   32|     1|         1024|
    |temp_real_6_U  |temp_real_RAM_AUTO_1R1W  |        2|  0|   0|    0|    32|   32|     1|         1024|
    |temp_real_7_U  |temp_real_RAM_AUTO_1R1W  |        2|  0|   0|    0|    32|   32|     1|         1024|
    |temp_imag_U    |temp_real_RAM_AUTO_1R1W  |        2|  0|   0|    0|    32|   32|     1|         1024|
    |temp_imag_1_U  |temp_real_RAM_AUTO_1R1W  |        2|  0|   0|    0|    32|   32|     1|         1024|
    |temp_imag_2_U  |temp_real_RAM_AUTO_1R1W  |        2|  0|   0|    0|    32|   32|     1|         1024|
    |temp_imag_3_U  |temp_real_RAM_AUTO_1R1W  |        2|  0|   0|    0|    32|   32|     1|         1024|
    |temp_imag_4_U  |temp_real_RAM_AUTO_1R1W  |        2|  0|   0|    0|    32|   32|     1|         1024|
    |temp_imag_5_U  |temp_real_RAM_AUTO_1R1W  |        2|  0|   0|    0|    32|   32|     1|         1024|
    |temp_imag_6_U  |temp_real_RAM_AUTO_1R1W  |        2|  0|   0|    0|    32|   32|     1|         1024|
    |temp_imag_7_U  |temp_real_RAM_AUTO_1R1W  |        2|  0|   0|    0|    32|   32|     1|         1024|
    +---------------+-------------------------+---------+---+----+-----+------+-----+------+-------------+
    |Total          |                         |       32|  0|   0|    0|   512|  512|    16|        16384|
    +---------------+-------------------------+---------+---+----+-----+------+-----+------+-------------+

    * FIFO: 
    N/A

    * Expression: 
    +------------------------+----------+----+---+----+------------+------------+
    |      Variable Name     | Operation| DSP| FF| LUT| Bitwidth P0| Bitwidth P1|
    +------------------------+----------+----+---+----+------------+------------+
    |add_ln22_fu_68864_p2    |         +|   0|  0|  14|           9|           4|
    |add_ln28_1_fu_19156_p2  |         +|   0|  0|  14|           9|           4|
    |add_ln28_2_fu_27494_p2  |         +|   0|  0|  14|           9|           4|
    |add_ln28_3_fu_35754_p2  |         +|   0|  0|  14|           9|           4|
    |add_ln28_4_fu_44094_p2  |         +|   0|  0|  14|           9|           4|
    |add_ln28_5_fu_52258_p2  |         +|   0|  0|  14|           9|           4|
    |add_ln28_6_fu_60598_p2  |         +|   0|  0|  14|           9|           4|
    |add_ln28_7_fu_68858_p2  |         +|   0|  0|  14|           9|           4|
    |add_ln28_fu_11307_p2    |         +|   0|  0|  14|           9|           4|
    |index_10_fu_21211_p2    |         +|   0|  0|  15|           8|           8|
    |index_11_fu_22243_p2    |         +|   0|  0|  15|           8|           8|
    |index_12_fu_23279_p2    |         +|   0|  0|  15|           8|           8|
    |index_13_fu_24319_p2    |         +|   0|  0|  15|           8|           8|
    |index_14_fu_25363_p2    |         +|   0|  0|  15|           8|           8|
    |index_15_fu_26397_p2    |         +|   0|  0|  15|           8|           8|
    |index_17_fu_28491_p2    |         +|   0|  0|  15|           8|           8|
    |index_18_fu_29523_p2    |         +|   0|  0|  15|           8|           8|
    |index_19_fu_30531_p2    |         +|   0|  0|  15|           8|           8|
    |index_1_fu_12116_p2     |         +|   0|  0|  15|           8|           8|
    |index_20_fu_31579_p2    |         +|   0|  0|  15|           8|           8|
    |index_21_fu_32603_p2    |         +|   0|  0|  15|           8|           8|
    |index_22_fu_33635_p2    |         +|   0|  0|  15|           8|           8|
    |index_23_fu_34661_p2    |         +|   0|  0|  15|           8|           8|
    |index_25_fu_36783_p2    |         +|   0|  0|  15|           8|           8|
    |index_26_fu_37819_p2    |         +|   0|  0|  15|           8|           8|
    |index_27_fu_38867_p2    |         +|   0|  0|  15|           8|           8|
    |index_28_fu_39895_p2    |         +|   0|  0|  15|           8|           8|
    |index_29_fu_40935_p2    |         +|   0|  0|  15|           8|           8|
    |index_2_fu_13140_p2     |         +|   0|  0|  15|           8|           8|
    |index_30_fu_41987_p2    |         +|   0|  0|  15|           8|           8|
    |index_31_fu_43005_p2    |         +|   0|  0|  15|           8|           8|
    |index_33_fu_45027_p2    |         +|   0|  0|  15|           8|           8|
    |index_34_fu_46067_p2    |         +|   0|  0|  15|           8|           8|
    |index_35_fu_47091_p2    |         +|   0|  0|  15|           8|           8|
    |index_36_fu_48131_p2    |         +|   0|  0|  15|           8|           8|
    |index_37_fu_49123_p2    |         +|   0|  0|  15|           8|           8|
    |index_38_fu_50163_p2    |         +|   0|  0|  15|           8|           8|
    |index_39_fu_51173_p2    |         +|   0|  0|  15|           8|           8|
    |index_3_fu_14132_p2     |         +|   0|  0|  15|           8|           8|
    |index_41_fu_53287_p2    |         +|   0|  0|  15|           8|           8|
    |index_42_fu_54331_p2    |         +|   0|  0|  15|           8|           8|
    |index_43_fu_55363_p2    |         +|   0|  0|  15|           8|           8|
    |index_44_fu_56415_p2    |         +|   0|  0|  15|           8|           8|
    |index_45_fu_57455_p2    |         +|   0|  0|  15|           8|           8|
    |index_46_fu_58483_p2    |         +|   0|  0|  15|           8|           8|
    |index_47_fu_59517_p2    |         +|   0|  0|  15|           8|           8|
    |index_49_fu_61595_p2    |         +|   0|  0|  15|           8|           8|
    |index_4_fu_15156_p2     |         +|   0|  0|  15|           8|           8|
    |index_50_fu_62643_p2    |         +|   0|  0|  15|           8|           8|
    |index_51_fu_63683_p2    |         +|   0|  0|  15|           8|           8|
    |index_52_fu_64715_p2    |         +|   0|  0|  15|           8|           8|
    |index_53_fu_65739_p2    |         +|   0|  0|  15|           8|           8|
    |index_54_fu_66787_p2    |         +|   0|  0|  15|           8|           8|
    |index_55_fu_67781_p2    |         +|   0|  0|  15|           8|           8|
    |index_57_fu_69892_p2    |         +|   0|  0|  15|           8|           8|
    |index_58_fu_70944_p2    |         +|   0|  0|  15|           8|           8|
    |index_59_fu_71992_p2    |         +|   0|  0|  15|           8|           8|
    |index_5_fu_16084_p2     |         +|   0|  0|  15|           8|           8|
    |index_60_fu_73036_p2    |         +|   0|  0|  15|           8|           8|
    |index_61_fu_74076_p2    |         +|   0|  0|  15|           8|           8|
    |index_62_fu_75112_p2    |         +|   0|  0|  15|           8|           8|
    |index_63_fu_76130_p2    |         +|   0|  0|  15|           8|           8|
    |index_6_fu_17096_p2     |         +|   0|  0|  15|           8|           8|
    |index_7_fu_18087_p2     |         +|   0|  0|  15|           8|           8|
    |index_9_fu_20173_p2     |         +|   0|  0|  15|           8|           8|
    |or_ln22_1_fu_19162_p2   |        or|   0|  0|   8|           8|           2|
    |or_ln22_2_fu_27500_p2   |        or|   0|  0|   8|           8|           2|
    |or_ln22_3_fu_35760_p2   |        or|   0|  0|   8|           8|           3|
    |or_ln22_4_fu_44100_p2   |        or|   0|  0|   8|           8|           3|
    |or_ln22_5_fu_52264_p2   |        or|   0|  0|   8|           8|           3|
    |or_ln22_6_fu_60604_p2   |        or|   0|  0|   8|           8|           3|
    |or_ln22_fu_11316_p2     |        or|   0|  0|   8|           8|           1|
    +------------------------+----------+----+---+----+------------+------------+
    |Total                   |          |   0|  0|1022|         585|         501|
    +------------------------+----------+----+---+----+------------+------------+

    * Multiplexer: 
    +----------------------------+------+-----------+-----+-----------+
    |            Name            |  LUT | Input Size| Bits| Total Bits|
    +----------------------------+------+-----------+-----+-----------+
    |add261012_1_reg_10791       |     9|          2|   32|         64|
    |add261012_2_reg_10828       |     9|          2|   32|         64|
    |add261012_3_reg_10865       |     9|          2|   32|         64|
    |add261012_4_reg_10902       |     9|          2|   32|         64|
    |add261012_5_reg_10939       |     9|          2|   32|         64|
    |add261012_6_reg_10976       |     9|          2|   32|         64|
    |add261012_7_reg_11013       |     9|          2|   32|         64|
    |add261012_reg_10754         |     9|          2|   32|         64|
    |add913_1_reg_10778          |     9|          2|   32|         64|
    |add913_2_reg_10815          |     9|          2|   32|         64|
    |add913_3_reg_10852          |     9|          2|   32|         64|
    |add913_4_reg_10889          |     9|          2|   32|         64|
    |add913_5_reg_10926          |     9|          2|   32|         64|
    |add913_6_reg_10963          |     9|          2|   32|         64|
    |add913_7_reg_11000          |     9|          2|   32|         64|
    |add913_reg_10741            |     9|          2|   32|         64|
    |ap_NS_fsm                   |  2251|        427|    1|        427|
    |grp_fu_11026_opcode         |    14|          3|    2|          6|
    |grp_fu_11026_p0             |    59|         11|   32|        352|
    |grp_fu_11026_p1             |    25|          5|   32|        160|
    |grp_fu_11030_p0             |    59|         11|   32|        352|
    |grp_fu_11030_p1             |    25|          5|   32|        160|
    |grp_fu_11066_p0             |   245|         57|   32|       1824|
    |grp_fu_11066_p1             |   245|         57|   32|       1824|
    |grp_fu_11070_p0             |   245|         57|   32|       1824|
    |grp_fu_11070_p1             |   245|         57|   32|       1824|
    |grp_fu_11074_p0             |   245|         57|   32|       1824|
    |grp_fu_11074_p1             |   245|         57|   32|       1824|
    |grp_fu_11078_p0             |   245|         57|   32|       1824|
    |grp_fu_11078_p1             |   245|         57|   32|       1824|
    |grp_fu_11082_p0             |    48|          9|   32|        288|
    |grp_fu_11082_p1             |    48|          9|   32|        288|
    |grp_fu_11086_p0             |    48|          9|   32|        288|
    |grp_fu_11086_p1             |    48|          9|   32|        288|
    |grp_fu_11090_p0             |    48|          9|   32|        288|
    |grp_fu_11090_p1             |    48|          9|   32|        288|
    |grp_fu_11094_p0             |    48|          9|   32|        288|
    |grp_fu_11094_p1             |    48|          9|   32|        288|
    |i_fu_470                    |     9|          2|    9|         18|
    |imag_sample_in_0_address0   |    48|          9|    5|         45|
    |imag_sample_in_1_address0   |    48|          9|    5|         45|
    |imag_sample_in_2_address0   |    48|          9|    5|         45|
    |imag_sample_in_3_address0   |    48|          9|    5|         45|
    |imag_sample_in_4_address0   |    48|          9|    5|         45|
    |imag_sample_in_5_address0   |    48|          9|    5|         45|
    |imag_sample_in_6_address0   |    48|          9|    5|         45|
    |imag_sample_in_7_address0   |    48|          9|    5|         45|
    |imag_sample_out_0_address0  |    81|         17|    5|         85|
    |imag_sample_out_0_address1  |    81|         17|    5|         85|
    |imag_sample_out_0_d0        |    81|         17|   32|        544|
    |imag_sample_out_0_d1        |    81|         17|   32|        544|
    |imag_sample_out_1_address0  |    81|         17|    5|         85|
    |imag_sample_out_1_address1  |    81|         17|    5|         85|
    |imag_sample_out_1_d0        |    81|         17|   32|        544|
    |imag_sample_out_1_d1        |    81|         17|   32|        544|
    |imag_sample_out_2_address0  |    81|         17|    5|         85|
    |imag_sample_out_2_address1  |    81|         17|    5|         85|
    |imag_sample_out_2_d0        |    81|         17|   32|        544|
    |imag_sample_out_2_d1        |    81|         17|   32|        544|
    |imag_sample_out_3_address0  |    81|         17|    5|         85|
    |imag_sample_out_3_address1  |    81|         17|    5|         85|
    |imag_sample_out_3_d0        |    81|         17|   32|        544|
    |imag_sample_out_3_d1        |    81|         17|   32|        544|
    |imag_sample_out_4_address0  |    81|         17|    5|         85|
    |imag_sample_out_4_address1  |    81|         17|    5|         85|
    |imag_sample_out_4_d0        |    81|         17|   32|        544|
    |imag_sample_out_4_d1        |    81|         17|   32|        544|
    |imag_sample_out_5_address0  |    81|         17|    5|         85|
    |imag_sample_out_5_address1  |    81|         17|    5|         85|
    |imag_sample_out_5_d0        |    81|         17|   32|        544|
    |imag_sample_out_5_d1        |    81|         17|   32|        544|
    |imag_sample_out_6_address0  |    81|         17|    5|         85|
    |imag_sample_out_6_address1  |    81|         17|    5|         85|
    |imag_sample_out_6_d0        |    81|         17|   32|        544|
    |imag_sample_out_6_d1        |    81|         17|   32|        544|
    |imag_sample_out_7_address0  |    81|         17|    5|         85|
    |imag_sample_out_7_address1  |    81|         17|    5|         85|
    |imag_sample_out_7_d0        |    81|         17|   32|        544|
    |imag_sample_out_7_d1        |    81|         17|   32|        544|
    |j_1_reg_10767               |     9|          2|    9|         18|
    |j_2_reg_10804               |     9|          2|    9|         18|
    |j_3_reg_10841               |     9|          2|    9|         18|
    |j_4_reg_10878               |     9|          2|    9|         18|
    |j_5_reg_10915               |     9|          2|    9|         18|
    |j_6_reg_10952               |     9|          2|    9|         18|
    |j_7_reg_10989               |     9|          2|    9|         18|
    |j_reg_10730                 |     9|          2|    9|         18|
    |real_sample_in_0_address0   |    48|          9|    5|         45|
    |real_sample_in_1_address0   |    48|          9|    5|         45|
    |real_sample_in_2_address0   |    48|          9|    5|         45|
    |real_sample_in_3_address0   |    48|          9|    5|         45|
    |real_sample_in_4_address0   |    48|          9|    5|         45|
    |real_sample_in_5_address0   |    48|          9|    5|         45|
    |real_sample_in_6_address0   |    48|          9|    5|         45|
    |real_sample_in_7_address0   |    48|          9|    5|         45|
    |real_sample_out_0_address0  |    81|         17|    5|         85|
    |real_sample_out_0_address1  |    81|         17|    5|         85|
    |real_sample_out_0_d0        |    81|         17|   32|        544|
    |real_sample_out_0_d1        |    81|         17|   32|        544|
    |real_sample_out_1_address0  |    81|         17|    5|         85|
    |real_sample_out_1_address1  |    81|         17|    5|         85|
    |real_sample_out_1_d0        |    81|         17|   32|        544|
    |real_sample_out_1_d1        |    81|         17|   32|        544|
    |real_sample_out_2_address0  |    81|         17|    5|         85|
    |real_sample_out_2_address1  |    81|         17|    5|         85|
    |real_sample_out_2_d0        |    81|         17|   32|        544|
    |real_sample_out_2_d1        |    81|         17|   32|        544|
    |real_sample_out_3_address0  |    81|         17|    5|         85|
    |real_sample_out_3_address1  |    81|         17|    5|         85|
    |real_sample_out_3_d0        |    81|         17|   32|        544|
    |real_sample_out_3_d1        |    81|         17|   32|        544|
    |real_sample_out_4_address0  |    81|         17|    5|         85|
    |real_sample_out_4_address1  |    81|         17|    5|         85|
    |real_sample_out_4_d0        |    81|         17|   32|        544|
    |real_sample_out_4_d1        |    81|         17|   32|        544|
    |real_sample_out_5_address0  |    81|         17|    5|         85|
    |real_sample_out_5_address1  |    81|         17|    5|         85|
    |real_sample_out_5_d0        |    81|         17|   32|        544|
    |real_sample_out_5_d1        |    81|         17|   32|        544|
    |real_sample_out_6_address0  |    81|         17|    5|         85|
    |real_sample_out_6_address1  |    81|         17|    5|         85|
    |real_sample_out_6_d0        |    81|         17|   32|        544|
    |real_sample_out_6_d1        |    81|         17|   32|        544|
    |real_sample_out_7_address0  |    81|         17|    5|         85|
    |real_sample_out_7_address1  |    81|         17|    5|         85|
    |real_sample_out_7_d0        |    81|         17|   32|        544|
    |real_sample_out_7_d1        |    81|         17|   32|        544|
    |temp_imag_1_address0        |    87|         18|    5|         90|
    |temp_imag_1_address1        |    81|         17|    5|         85|
    |temp_imag_2_address0        |    87|         18|    5|         90|
    |temp_imag_2_address1        |    81|         17|    5|         85|
    |temp_imag_3_address0        |    87|         18|    5|         90|
    |temp_imag_3_address1        |    81|         17|    5|         85|
    |temp_imag_4_address0        |    87|         18|    5|         90|
    |temp_imag_4_address1        |    81|         17|    5|         85|
    |temp_imag_5_address0        |    87|         18|    5|         90|
    |temp_imag_5_address1        |    81|         17|    5|         85|
    |temp_imag_6_address0        |    87|         18|    5|         90|
    |temp_imag_6_address1        |    81|         17|    5|         85|
    |temp_imag_7_address0        |    87|         18|    5|         90|
    |temp_imag_7_address1        |    81|         17|    5|         85|
    |temp_imag_address0          |    87|         18|    5|         90|
    |temp_imag_address1          |    81|         17|    5|         85|
    |temp_real_1_address0        |    87|         18|    5|         90|
    |temp_real_1_address1        |    81|         17|    5|         85|
    |temp_real_2_address0        |    87|         18|    5|         90|
    |temp_real_2_address1        |    81|         17|    5|         85|
    |temp_real_3_address0        |    87|         18|    5|         90|
    |temp_real_3_address1        |    81|         17|    5|         85|
    |temp_real_4_address0        |    87|         18|    5|         90|
    |temp_real_4_address1        |    81|         17|    5|         85|
    |temp_real_5_address0        |    87|         18|    5|         90|
    |temp_real_5_address1        |    81|         17|    5|         85|
    |temp_real_6_address0        |    87|         18|    5|         90|
    |temp_real_6_address1        |    81|         17|    5|         85|
    |temp_real_7_address0        |    87|         18|    5|         90|
    |temp_real_7_address1        |    81|         17|    5|         85|
    |temp_real_address0          |    87|         18|    5|         90|
    |temp_real_address1          |    81|         17|    5|         85|
    +----------------------------+------+-----------+-----+-----------+
    |Total                       | 13642|       2832| 2660|      43187|
    +----------------------------+------+-----------+-----+-----------+

    * Register: 
    +-------------------------------+-----+----+-----+-----------+
    |              Name             |  FF | LUT| Bits| Const Bits|
    +-------------------------------+-----+----+-----+-----------+
    |add261012_1_reg_10791          |   32|   0|   32|          0|
    |add261012_2_reg_10828          |   32|   0|   32|          0|
    |add261012_3_reg_10865          |   32|   0|   32|          0|
    |add261012_4_reg_10902          |   32|   0|   32|          0|
    |add261012_5_reg_10939          |   32|   0|   32|          0|
    |add261012_6_reg_10976          |   32|   0|   32|          0|
    |add261012_7_reg_11013          |   32|   0|   32|          0|
    |add261012_reg_10754            |   32|   0|   32|          0|
    |add913_1_reg_10778             |   32|   0|   32|          0|
    |add913_2_reg_10815             |   32|   0|   32|          0|
    |add913_3_reg_10852             |   32|   0|   32|          0|
    |add913_4_reg_10889             |   32|   0|   32|          0|
    |add913_5_reg_10926             |   32|   0|   32|          0|
    |add913_6_reg_10963             |   32|   0|   32|          0|
    |add913_7_reg_11000             |   32|   0|   32|          0|
    |add913_reg_10741               |   32|   0|   32|          0|
    |add_ln28_1_reg_80354           |    9|   0|    9|          0|
    |add_ln28_2_reg_80725           |    9|   0|    9|          0|
    |add_ln28_3_reg_81094           |    9|   0|    9|          0|
    |add_ln28_4_reg_81463           |    9|   0|    9|          0|
    |add_ln28_5_reg_81832           |    9|   0|    9|          0|
    |add_ln28_6_reg_82201           |    9|   0|    9|          0|
    |add_ln28_7_reg_82570           |    9|   0|    9|          0|
    |add_ln28_reg_79980             |    9|   0|    9|          0|
    |ap_CS_fsm                      |  426|   0|  426|          0|
    |c_10_reg_80461                 |   32|   0|   32|          0|
    |c_11_reg_80500                 |   32|   0|   32|          0|
    |c_12_reg_80539                 |   32|   0|   32|          0|
    |c_13_reg_80578                 |   32|   0|   32|          0|
    |c_14_reg_80629                 |   32|   0|   32|          0|
    |c_15_reg_80641                 |   32|   0|   32|          0|
    |c_16_reg_80752                 |   32|   0|   32|          0|
    |c_17_reg_80791                 |   32|   0|   32|          0|
    |c_18_reg_80830                 |   32|   0|   32|          0|
    |c_19_reg_80869                 |   32|   0|   32|          0|
    |c_1_reg_80056                  |   32|   0|   32|          0|
    |c_20_reg_80908                 |   32|   0|   32|          0|
    |c_21_reg_80947                 |   32|   0|   32|          0|
    |c_22_reg_80998                 |   32|   0|   32|          0|
    |c_23_reg_81010                 |   32|   0|   32|          0|
    |c_24_reg_81121                 |   32|   0|   32|          0|
    |c_25_reg_81160                 |   32|   0|   32|          0|
    |c_26_reg_81199                 |   32|   0|   32|          0|
    |c_27_reg_81238                 |   32|   0|   32|          0|
    |c_28_reg_81277                 |   32|   0|   32|          0|
    |c_29_reg_81316                 |   32|   0|   32|          0|
    |c_2_reg_80095                  |   32|   0|   32|          0|
    |c_30_reg_81367                 |   32|   0|   32|          0|
    |c_31_reg_81379                 |   32|   0|   32|          0|
    |c_32_reg_81490                 |   32|   0|   32|          0|
    |c_33_reg_81529                 |   32|   0|   32|          0|
    |c_34_reg_81568                 |   32|   0|   32|          0|
    |c_35_reg_81607                 |   32|   0|   32|          0|
    |c_36_reg_81646                 |   32|   0|   32|          0|
    |c_37_reg_81685                 |   32|   0|   32|          0|
    |c_38_reg_81736                 |   32|   0|   32|          0|
    |c_39_reg_81748                 |   32|   0|   32|          0|
    |c_3_reg_80134                  |   32|   0|   32|          0|
    |c_40_reg_81859                 |   32|   0|   32|          0|
    |c_41_reg_81898                 |   32|   0|   32|          0|
    |c_42_reg_81937                 |   32|   0|   32|          0|
    |c_43_reg_81976                 |   32|   0|   32|          0|
    |c_44_reg_82015                 |   32|   0|   32|          0|
    |c_45_reg_82054                 |   32|   0|   32|          0|
    |c_46_reg_82105                 |   32|   0|   32|          0|
    |c_47_reg_82117                 |   32|   0|   32|          0|
    |c_48_reg_82228                 |   32|   0|   32|          0|
    |c_49_reg_82267                 |   32|   0|   32|          0|
    |c_4_reg_80173                  |   32|   0|   32|          0|
    |c_50_reg_82306                 |   32|   0|   32|          0|
    |c_51_reg_82345                 |   32|   0|   32|          0|
    |c_52_reg_82384                 |   32|   0|   32|          0|
    |c_53_reg_82423                 |   32|   0|   32|          0|
    |c_54_reg_82474                 |   32|   0|   32|          0|
    |c_55_reg_82486                 |   32|   0|   32|          0|
    |c_56_reg_82575                 |   32|   0|   32|          0|
    |c_57_reg_82614                 |   32|   0|   32|          0|
    |c_58_reg_82653                 |   32|   0|   32|          0|
    |c_59_reg_82692                 |   32|   0|   32|          0|
    |c_5_reg_80207                  |   32|   0|   32|          0|
    |c_60_reg_82731                 |   32|   0|   32|          0|
    |c_61_reg_82770                 |   32|   0|   32|          0|
    |c_62_reg_82821                 |   32|   0|   32|          0|
    |c_63_reg_82833                 |   32|   0|   32|          0|
    |c_6_reg_80258                  |   32|   0|   32|          0|
    |c_7_reg_80270                  |   32|   0|   32|          0|
    |c_8_reg_80381                  |   32|   0|   32|          0|
    |c_9_reg_80422                  |   32|   0|   32|          0|
    |c_reg_80017                    |   32|   0|   32|          0|
    |i_fu_470                       |    9|   0|    9|          0|
    |index_10_reg_80456             |    8|   0|    8|          0|
    |index_11_reg_80495             |    8|   0|    8|          0|
    |index_12_reg_80534             |    8|   0|    8|          0|
    |index_13_reg_80573             |    8|   0|    8|          0|
    |index_14_reg_80602             |    8|   0|    8|          0|
    |index_16_reg_80708             |    8|   0|    8|          0|
    |index_17_reg_80786             |    8|   0|    8|          0|
    |index_18_reg_80825             |    8|   0|    8|          0|
    |index_19_reg_80864             |    8|   0|    8|          0|
    |index_1_reg_80051              |    8|   0|    8|          0|
    |index_20_reg_80903             |    8|   0|    8|          0|
    |index_21_reg_80942             |    8|   0|    8|          0|
    |index_22_reg_80971             |    8|   0|    8|          0|
    |index_24_reg_81077             |    8|   0|    8|          0|
    |index_25_reg_81155             |    8|   0|    8|          0|
    |index_26_reg_81194             |    8|   0|    8|          0|
    |index_27_reg_81233             |    8|   0|    8|          0|
    |index_28_reg_81272             |    8|   0|    8|          0|
    |index_29_reg_81311             |    8|   0|    8|          0|
    |index_2_reg_80090              |    8|   0|    8|          0|
    |index_30_reg_81340             |    8|   0|    8|          0|
    |index_32_reg_81446             |    8|   0|    8|          0|
    |index_33_reg_81524             |    8|   0|    8|          0|
    |index_34_reg_81563             |    8|   0|    8|          0|
    |index_35_reg_81602             |    8|   0|    8|          0|
    |index_36_reg_81641             |    8|   0|    8|          0|
    |index_37_reg_81680             |    8|   0|    8|          0|
    |index_38_reg_81709             |    8|   0|    8|          0|
    |index_3_reg_80129              |    8|   0|    8|          0|
    |index_40_reg_81815             |    8|   0|    8|          0|
    |index_41_reg_81893             |    8|   0|    8|          0|
    |index_42_reg_81932             |    8|   0|    8|          0|
    |index_43_reg_81971             |    8|   0|    8|          0|
    |index_44_reg_82010             |    8|   0|    8|          0|
    |index_45_reg_82049             |    8|   0|    8|          0|
    |index_46_reg_82078             |    8|   0|    8|          0|
    |index_48_reg_82184             |    8|   0|    8|          0|
    |index_49_reg_82262             |    8|   0|    8|          0|
    |index_4_reg_80168              |    8|   0|    8|          0|
    |index_50_reg_82301             |    8|   0|    8|          0|
    |index_51_reg_82340             |    8|   0|    8|          0|
    |index_52_reg_82379             |    8|   0|    8|          0|
    |index_53_reg_82418             |    8|   0|    8|          0|
    |index_54_reg_82447             |    8|   0|    8|          0|
    |index_56_reg_82553             |    8|   0|    8|          0|
    |index_57_reg_82609             |    8|   0|    8|          0|
    |index_58_reg_82648             |    8|   0|    8|          0|
    |index_59_reg_82687             |    8|   0|    8|          0|
    |index_60_reg_82726             |    8|   0|    8|          0|
    |index_61_reg_82765             |    8|   0|    8|          0|
    |index_62_reg_82794             |    8|   0|    8|          0|
    |index_6_reg_80219              |    8|   0|    8|          0|
    |index_8_reg_80337              |    8|   0|    8|          0|
    |index_9_reg_80393              |    8|   0|    8|          0|
    |index_reg_79963                |    8|   0|    8|          0|
    |j_1_reg_10767                  |    9|   0|    9|          0|
    |j_2_reg_10804                  |    9|   0|    9|          0|
    |j_3_reg_10841                  |    9|   0|    9|          0|
    |j_4_reg_10878                  |    9|   0|    9|          0|
    |j_5_reg_10915                  |    9|   0|    9|          0|
    |j_6_reg_10952                  |    9|   0|    9|          0|
    |j_7_reg_10989                  |    9|   0|    9|          0|
    |j_reg_10730                    |    9|   0|    9|          0|
    |or_ln22_1_reg_80359            |    7|   0|    8|          1|
    |or_ln22_2_reg_80730            |    6|   0|    8|          2|
    |or_ln22_3_reg_81099            |    7|   0|    8|          1|
    |or_ln22_4_reg_81468            |    6|   0|    8|          2|
    |or_ln22_5_reg_81837            |    6|   0|    8|          2|
    |or_ln22_6_reg_82206            |    5|   0|    8|          3|
    |or_ln22_reg_79995              |    7|   0|    8|          1|
    |reg_11098                      |   32|   0|   32|          0|
    |reg_11102                      |   32|   0|   32|          0|
    |reg_11106                      |   32|   0|   32|          0|
    |reg_11112                      |   32|   0|   32|          0|
    |reg_11118                      |   32|   0|   32|          0|
    |reg_11124                      |   32|   0|   32|          0|
    |reg_11130                      |   32|   0|   32|          0|
    |reg_11134                      |   32|   0|   32|          0|
    |reg_11138                      |   32|   0|   32|          0|
    |reg_11144                      |   32|   0|   32|          0|
    |reg_11150                      |   32|   0|   32|          0|
    |reg_11154                      |   32|   0|   32|          0|
    |reg_11158                      |   32|   0|   32|          0|
    |reg_11163                      |   32|   0|   32|          0|
    |reg_11168                      |   32|   0|   32|          0|
    |reg_11172                      |   32|   0|   32|          0|
    |reg_11176                      |   32|   0|   32|          0|
    |reg_11180                      |   32|   0|   32|          0|
    |reg_11184                      |   32|   0|   32|          0|
    |reg_11188                      |   32|   0|   32|          0|
    |reg_11192                      |   32|   0|   32|          0|
    |reg_11196                      |   32|   0|   32|          0|
    |reg_11200                      |   32|   0|   32|          0|
    |reg_11204                      |   32|   0|   32|          0|
    |reg_11208                      |   32|   0|   32|          0|
    |reg_11213                      |   32|   0|   32|          0|
    |reg_11218                      |   32|   0|   32|          0|
    |reg_11223                      |   32|   0|   32|          0|
    |reg_11228                      |   32|   0|   32|          0|
    |reg_11233                      |   32|   0|   32|          0|
    |s_10_reg_80467                 |   32|   0|   32|          0|
    |s_11_reg_80506                 |   32|   0|   32|          0|
    |s_12_reg_80545                 |   32|   0|   32|          0|
    |s_13_reg_80584                 |   32|   0|   32|          0|
    |s_14_reg_80635                 |   32|   0|   32|          0|
    |s_15_reg_80647                 |   32|   0|   32|          0|
    |s_16_reg_80758                 |   32|   0|   32|          0|
    |s_17_reg_80797                 |   32|   0|   32|          0|
    |s_18_reg_80836                 |   32|   0|   32|          0|
    |s_19_reg_80875                 |   32|   0|   32|          0|
    |s_1_reg_80062                  |   32|   0|   32|          0|
    |s_20_reg_80914                 |   32|   0|   32|          0|
    |s_21_reg_80953                 |   32|   0|   32|          0|
    |s_22_reg_81004                 |   32|   0|   32|          0|
    |s_23_reg_81016                 |   32|   0|   32|          0|
    |s_24_reg_81127                 |   32|   0|   32|          0|
    |s_25_reg_81166                 |   32|   0|   32|          0|
    |s_26_reg_81205                 |   32|   0|   32|          0|
    |s_27_reg_81244                 |   32|   0|   32|          0|
    |s_28_reg_81283                 |   32|   0|   32|          0|
    |s_29_reg_81322                 |   32|   0|   32|          0|
    |s_2_reg_80101                  |   32|   0|   32|          0|
    |s_30_reg_81373                 |   32|   0|   32|          0|
    |s_31_reg_81385                 |   32|   0|   32|          0|
    |s_32_reg_81496                 |   32|   0|   32|          0|
    |s_33_reg_81535                 |   32|   0|   32|          0|
    |s_34_reg_81574                 |   32|   0|   32|          0|
    |s_35_reg_81613                 |   32|   0|   32|          0|
    |s_36_reg_81652                 |   32|   0|   32|          0|
    |s_37_reg_81691                 |   32|   0|   32|          0|
    |s_38_reg_81742                 |   32|   0|   32|          0|
    |s_39_reg_81754                 |   32|   0|   32|          0|
    |s_3_reg_80140                  |   32|   0|   32|          0|
    |s_40_reg_81865                 |   32|   0|   32|          0|
    |s_41_reg_81904                 |   32|   0|   32|          0|
    |s_42_reg_81943                 |   32|   0|   32|          0|
    |s_43_reg_81982                 |   32|   0|   32|          0|
    |s_44_reg_82021                 |   32|   0|   32|          0|
    |s_45_reg_82060                 |   32|   0|   32|          0|
    |s_46_reg_82111                 |   32|   0|   32|          0|
    |s_47_reg_82123                 |   32|   0|   32|          0|
    |s_48_reg_82234                 |   32|   0|   32|          0|
    |s_49_reg_82273                 |   32|   0|   32|          0|
    |s_4_reg_80179                  |   32|   0|   32|          0|
    |s_50_reg_82312                 |   32|   0|   32|          0|
    |s_51_reg_82351                 |   32|   0|   32|          0|
    |s_52_reg_82390                 |   32|   0|   32|          0|
    |s_53_reg_82429                 |   32|   0|   32|          0|
    |s_54_reg_82480                 |   32|   0|   32|          0|
    |s_55_reg_82492                 |   32|   0|   32|          0|
    |s_56_reg_82581                 |   32|   0|   32|          0|
    |s_57_reg_82620                 |   32|   0|   32|          0|
    |s_58_reg_82659                 |   32|   0|   32|          0|
    |s_59_reg_82698                 |   32|   0|   32|          0|
    |s_5_reg_80213                  |   32|   0|   32|          0|
    |s_60_reg_82737                 |   32|   0|   32|          0|
    |s_61_reg_82776                 |   32|   0|   32|          0|
    |s_62_reg_82827                 |   32|   0|   32|          0|
    |s_63_reg_82839                 |   32|   0|   32|          0|
    |s_6_reg_80264                  |   32|   0|   32|          0|
    |s_7_reg_80276                  |   32|   0|   32|          0|
    |s_8_reg_80387                  |   32|   0|   32|          0|
    |s_9_reg_80428                  |   32|   0|   32|          0|
    |s_reg_80023                    |   32|   0|   32|          0|
    |temp_imag_1_addr_32_reg_80012  |    5|   0|    5|          0|
    |temp_imag_2_addr_32_reg_80376  |    5|   0|    5|          0|
    |temp_imag_3_addr_32_reg_80747  |    5|   0|    5|          0|
    |temp_imag_4_addr_32_reg_81116  |    5|   0|    5|          0|
    |temp_imag_5_addr_32_reg_81485  |    5|   0|    5|          0|
    |temp_imag_6_addr_32_reg_81854  |    5|   0|    5|          0|
    |temp_imag_7_addr_32_reg_82223  |    5|   0|    5|          0|
    |temp_imag_addr_reg_79766       |    5|   0|    5|          0|
    |temp_real_1_addr_32_reg_80007  |    5|   0|    5|          0|
    |temp_real_2_addr_32_reg_80371  |    5|   0|    5|          0|
    |temp_real_3_addr_32_reg_80742  |    5|   0|    5|          0|
    |temp_real_4_addr_32_reg_81111  |    5|   0|    5|          0|
    |temp_real_5_addr_32_reg_81480  |    5|   0|    5|          0|
    |temp_real_6_addr_32_reg_81849  |    5|   0|    5|          0|
    |temp_real_7_addr_32_reg_82218  |    5|   0|    5|          0|
    |temp_real_addr_reg_79761       |    5|   0|    5|          0|
    |trunc_ln32_2_reg_79952         |    8|   0|    8|          0|
    |trunc_ln32_reg_79985           |    8|   0|    8|          0|
    |zext_ln13_1_reg_79934          |    5|   0|   64|         59|
    |zext_ln13_2_reg_80319          |    5|   0|   64|         59|
    |zext_ln13_3_reg_80690          |    5|   0|   64|         59|
    |zext_ln13_4_reg_81059          |    5|   0|   64|         59|
    |zext_ln13_5_reg_81428          |    5|   0|   64|         59|
    |zext_ln13_6_reg_81797          |    5|   0|   64|         59|
    |zext_ln13_7_reg_82166          |    5|   0|   64|         59|
    |zext_ln13_8_reg_82535          |    5|   0|   64|         59|
    |zext_ln13_reg_79743            |    5|   0|   64|         59|
    +-------------------------------+-----+----+-----+-----------+
    |Total                          | 6772|   0| 7315|        543|
    +-------------------------------+-----+----+-----+-----------+



================================================================
== Interface
================================================================
* Summary: 
+----------------------------+-----+-----+------------+-------------------+--------------+
|          RTL Ports         | Dir | Bits|  Protocol  |   Source Object   |    C Type    |
+----------------------------+-----+-----+------------+-------------------+--------------+
|ap_clk                      |   in|    1|  ap_ctrl_hs|                dft|  return value|
|ap_rst                      |   in|    1|  ap_ctrl_hs|                dft|  return value|
|ap_start                    |   in|    1|  ap_ctrl_hs|                dft|  return value|
|ap_done                     |  out|    1|  ap_ctrl_hs|                dft|  return value|
|ap_idle                     |  out|    1|  ap_ctrl_hs|                dft|  return value|
|ap_ready                    |  out|    1|  ap_ctrl_hs|                dft|  return value|
|real_sample_in_0_address0   |  out|    5|   ap_memory|   real_sample_in_0|         array|
|real_sample_in_0_ce0        |  out|    1|   ap_memory|   real_sample_in_0|         array|
|real_sample_in_0_q0         |   in|   32|   ap_memory|   real_sample_in_0|         array|
|real_sample_in_1_address0   |  out|    5|   ap_memory|   real_sample_in_1|         array|
|real_sample_in_1_ce0        |  out|    1|   ap_memory|   real_sample_in_1|         array|
|real_sample_in_1_q0         |   in|   32|   ap_memory|   real_sample_in_1|         array|
|real_sample_in_2_address0   |  out|    5|   ap_memory|   real_sample_in_2|         array|
|real_sample_in_2_ce0        |  out|    1|   ap_memory|   real_sample_in_2|         array|
|real_sample_in_2_q0         |   in|   32|   ap_memory|   real_sample_in_2|         array|
|real_sample_in_3_address0   |  out|    5|   ap_memory|   real_sample_in_3|         array|
|real_sample_in_3_ce0        |  out|    1|   ap_memory|   real_sample_in_3|         array|
|real_sample_in_3_q0         |   in|   32|   ap_memory|   real_sample_in_3|         array|
|real_sample_in_4_address0   |  out|    5|   ap_memory|   real_sample_in_4|         array|
|real_sample_in_4_ce0        |  out|    1|   ap_memory|   real_sample_in_4|         array|
|real_sample_in_4_q0         |   in|   32|   ap_memory|   real_sample_in_4|         array|
|real_sample_in_5_address0   |  out|    5|   ap_memory|   real_sample_in_5|         array|
|real_sample_in_5_ce0        |  out|    1|   ap_memory|   real_sample_in_5|         array|
|real_sample_in_5_q0         |   in|   32|   ap_memory|   real_sample_in_5|         array|
|real_sample_in_6_address0   |  out|    5|   ap_memory|   real_sample_in_6|         array|
|real_sample_in_6_ce0        |  out|    1|   ap_memory|   real_sample_in_6|         array|
|real_sample_in_6_q0         |   in|   32|   ap_memory|   real_sample_in_6|         array|
|real_sample_in_7_address0   |  out|    5|   ap_memory|   real_sample_in_7|         array|
|real_sample_in_7_ce0        |  out|    1|   ap_memory|   real_sample_in_7|         array|
|real_sample_in_7_q0         |   in|   32|   ap_memory|   real_sample_in_7|         array|
|imag_sample_in_0_address0   |  out|    5|   ap_memory|   imag_sample_in_0|         array|
|imag_sample_in_0_ce0        |  out|    1|   ap_memory|   imag_sample_in_0|         array|
|imag_sample_in_0_q0         |   in|   32|   ap_memory|   imag_sample_in_0|         array|
|imag_sample_in_1_address0   |  out|    5|   ap_memory|   imag_sample_in_1|         array|
|imag_sample_in_1_ce0        |  out|    1|   ap_memory|   imag_sample_in_1|         array|
|imag_sample_in_1_q0         |   in|   32|   ap_memory|   imag_sample_in_1|         array|
|imag_sample_in_2_address0   |  out|    5|   ap_memory|   imag_sample_in_2|         array|
|imag_sample_in_2_ce0        |  out|    1|   ap_memory|   imag_sample_in_2|         array|
|imag_sample_in_2_q0         |   in|   32|   ap_memory|   imag_sample_in_2|         array|
|imag_sample_in_3_address0   |  out|    5|   ap_memory|   imag_sample_in_3|         array|
|imag_sample_in_3_ce0        |  out|    1|   ap_memory|   imag_sample_in_3|         array|
|imag_sample_in_3_q0         |   in|   32|   ap_memory|   imag_sample_in_3|         array|
|imag_sample_in_4_address0   |  out|    5|   ap_memory|   imag_sample_in_4|         array|
|imag_sample_in_4_ce0        |  out|    1|   ap_memory|   imag_sample_in_4|         array|
|imag_sample_in_4_q0         |   in|   32|   ap_memory|   imag_sample_in_4|         array|
|imag_sample_in_5_address0   |  out|    5|   ap_memory|   imag_sample_in_5|         array|
|imag_sample_in_5_ce0        |  out|    1|   ap_memory|   imag_sample_in_5|         array|
|imag_sample_in_5_q0         |   in|   32|   ap_memory|   imag_sample_in_5|         array|
|imag_sample_in_6_address0   |  out|    5|   ap_memory|   imag_sample_in_6|         array|
|imag_sample_in_6_ce0        |  out|    1|   ap_memory|   imag_sample_in_6|         array|
|imag_sample_in_6_q0         |   in|   32|   ap_memory|   imag_sample_in_6|         array|
|imag_sample_in_7_address0   |  out|    5|   ap_memory|   imag_sample_in_7|         array|
|imag_sample_in_7_ce0        |  out|    1|   ap_memory|   imag_sample_in_7|         array|
|imag_sample_in_7_q0         |   in|   32|   ap_memory|   imag_sample_in_7|         array|
|real_sample_out_0_address0  |  out|    5|   ap_memory|  real_sample_out_0|         array|
|real_sample_out_0_ce0       |  out|    1|   ap_memory|  real_sample_out_0|         array|
|real_sample_out_0_we0       |  out|    1|   ap_memory|  real_sample_out_0|         array|
|real_sample_out_0_d0        |  out|   32|   ap_memory|  real_sample_out_0|         array|
|real_sample_out_0_address1  |  out|    5|   ap_memory|  real_sample_out_0|         array|
|real_sample_out_0_ce1       |  out|    1|   ap_memory|  real_sample_out_0|         array|
|real_sample_out_0_we1       |  out|    1|   ap_memory|  real_sample_out_0|         array|
|real_sample_out_0_d1        |  out|   32|   ap_memory|  real_sample_out_0|         array|
|real_sample_out_1_address0  |  out|    5|   ap_memory|  real_sample_out_1|         array|
|real_sample_out_1_ce0       |  out|    1|   ap_memory|  real_sample_out_1|         array|
|real_sample_out_1_we0       |  out|    1|   ap_memory|  real_sample_out_1|         array|
|real_sample_out_1_d0        |  out|   32|   ap_memory|  real_sample_out_1|         array|
|real_sample_out_1_address1  |  out|    5|   ap_memory|  real_sample_out_1|         array|
|real_sample_out_1_ce1       |  out|    1|   ap_memory|  real_sample_out_1|         array|
|real_sample_out_1_we1       |  out|    1|   ap_memory|  real_sample_out_1|         array|
|real_sample_out_1_d1        |  out|   32|   ap_memory|  real_sample_out_1|         array|
|real_sample_out_2_address0  |  out|    5|   ap_memory|  real_sample_out_2|         array|
|real_sample_out_2_ce0       |  out|    1|   ap_memory|  real_sample_out_2|         array|
|real_sample_out_2_we0       |  out|    1|   ap_memory|  real_sample_out_2|         array|
|real_sample_out_2_d0        |  out|   32|   ap_memory|  real_sample_out_2|         array|
|real_sample_out_2_address1  |  out|    5|   ap_memory|  real_sample_out_2|         array|
|real_sample_out_2_ce1       |  out|    1|   ap_memory|  real_sample_out_2|         array|
|real_sample_out_2_we1       |  out|    1|   ap_memory|  real_sample_out_2|         array|
|real_sample_out_2_d1        |  out|   32|   ap_memory|  real_sample_out_2|         array|
|real_sample_out_3_address0  |  out|    5|   ap_memory|  real_sample_out_3|         array|
|real_sample_out_3_ce0       |  out|    1|   ap_memory|  real_sample_out_3|         array|
|real_sample_out_3_we0       |  out|    1|   ap_memory|  real_sample_out_3|         array|
|real_sample_out_3_d0        |  out|   32|   ap_memory|  real_sample_out_3|         array|
|real_sample_out_3_address1  |  out|    5|   ap_memory|  real_sample_out_3|         array|
|real_sample_out_3_ce1       |  out|    1|   ap_memory|  real_sample_out_3|         array|
|real_sample_out_3_we1       |  out|    1|   ap_memory|  real_sample_out_3|         array|
|real_sample_out_3_d1        |  out|   32|   ap_memory|  real_sample_out_3|         array|
|real_sample_out_4_address0  |  out|    5|   ap_memory|  real_sample_out_4|         array|
|real_sample_out_4_ce0       |  out|    1|   ap_memory|  real_sample_out_4|         array|
|real_sample_out_4_we0       |  out|    1|   ap_memory|  real_sample_out_4|         array|
|real_sample_out_4_d0        |  out|   32|   ap_memory|  real_sample_out_4|         array|
|real_sample_out_4_address1  |  out|    5|   ap_memory|  real_sample_out_4|         array|
|real_sample_out_4_ce1       |  out|    1|   ap_memory|  real_sample_out_4|         array|
|real_sample_out_4_we1       |  out|    1|   ap_memory|  real_sample_out_4|         array|
|real_sample_out_4_d1        |  out|   32|   ap_memory|  real_sample_out_4|         array|
|real_sample_out_5_address0  |  out|    5|   ap_memory|  real_sample_out_5|         array|
|real_sample_out_5_ce0       |  out|    1|   ap_memory|  real_sample_out_5|         array|
|real_sample_out_5_we0       |  out|    1|   ap_memory|  real_sample_out_5|         array|
|real_sample_out_5_d0        |  out|   32|   ap_memory|  real_sample_out_5|         array|
|real_sample_out_5_address1  |  out|    5|   ap_memory|  real_sample_out_5|         array|
|real_sample_out_5_ce1       |  out|    1|   ap_memory|  real_sample_out_5|         array|
|real_sample_out_5_we1       |  out|    1|   ap_memory|  real_sample_out_5|         array|
|real_sample_out_5_d1        |  out|   32|   ap_memory|  real_sample_out_5|         array|
|real_sample_out_6_address0  |  out|    5|   ap_memory|  real_sample_out_6|         array|
|real_sample_out_6_ce0       |  out|    1|   ap_memory|  real_sample_out_6|         array|
|real_sample_out_6_we0       |  out|    1|   ap_memory|  real_sample_out_6|         array|
|real_sample_out_6_d0        |  out|   32|   ap_memory|  real_sample_out_6|         array|
|real_sample_out_6_address1  |  out|    5|   ap_memory|  real_sample_out_6|         array|
|real_sample_out_6_ce1       |  out|    1|   ap_memory|  real_sample_out_6|         array|
|real_sample_out_6_we1       |  out|    1|   ap_memory|  real_sample_out_6|         array|
|real_sample_out_6_d1        |  out|   32|   ap_memory|  real_sample_out_6|         array|
|real_sample_out_7_address0  |  out|    5|   ap_memory|  real_sample_out_7|         array|
|real_sample_out_7_ce0       |  out|    1|   ap_memory|  real_sample_out_7|         array|
|real_sample_out_7_we0       |  out|    1|   ap_memory|  real_sample_out_7|         array|
|real_sample_out_7_d0        |  out|   32|   ap_memory|  real_sample_out_7|         array|
|real_sample_out_7_address1  |  out|    5|   ap_memory|  real_sample_out_7|         array|
|real_sample_out_7_ce1       |  out|    1|   ap_memory|  real_sample_out_7|         array|
|real_sample_out_7_we1       |  out|    1|   ap_memory|  real_sample_out_7|         array|
|real_sample_out_7_d1        |  out|   32|   ap_memory|  real_sample_out_7|         array|
|imag_sample_out_0_address0  |  out|    5|   ap_memory|  imag_sample_out_0|         array|
|imag_sample_out_0_ce0       |  out|    1|   ap_memory|  imag_sample_out_0|         array|
|imag_sample_out_0_we0       |  out|    1|   ap_memory|  imag_sample_out_0|         array|
|imag_sample_out_0_d0        |  out|   32|   ap_memory|  imag_sample_out_0|         array|
|imag_sample_out_0_address1  |  out|    5|   ap_memory|  imag_sample_out_0|         array|
|imag_sample_out_0_ce1       |  out|    1|   ap_memory|  imag_sample_out_0|         array|
|imag_sample_out_0_we1       |  out|    1|   ap_memory|  imag_sample_out_0|         array|
|imag_sample_out_0_d1        |  out|   32|   ap_memory|  imag_sample_out_0|         array|
|imag_sample_out_1_address0  |  out|    5|   ap_memory|  imag_sample_out_1|         array|
|imag_sample_out_1_ce0       |  out|    1|   ap_memory|  imag_sample_out_1|         array|
|imag_sample_out_1_we0       |  out|    1|   ap_memory|  imag_sample_out_1|         array|
|imag_sample_out_1_d0        |  out|   32|   ap_memory|  imag_sample_out_1|         array|
|imag_sample_out_1_address1  |  out|    5|   ap_memory|  imag_sample_out_1|         array|
|imag_sample_out_1_ce1       |  out|    1|   ap_memory|  imag_sample_out_1|         array|
|imag_sample_out_1_we1       |  out|    1|   ap_memory|  imag_sample_out_1|         array|
|imag_sample_out_1_d1        |  out|   32|   ap_memory|  imag_sample_out_1|         array|
|imag_sample_out_2_address0  |  out|    5|   ap_memory|  imag_sample_out_2|         array|
|imag_sample_out_2_ce0       |  out|    1|   ap_memory|  imag_sample_out_2|         array|
|imag_sample_out_2_we0       |  out|    1|   ap_memory|  imag_sample_out_2|         array|
|imag_sample_out_2_d0        |  out|   32|   ap_memory|  imag_sample_out_2|         array|
|imag_sample_out_2_address1  |  out|    5|   ap_memory|  imag_sample_out_2|         array|
|imag_sample_out_2_ce1       |  out|    1|   ap_memory|  imag_sample_out_2|         array|
|imag_sample_out_2_we1       |  out|    1|   ap_memory|  imag_sample_out_2|         array|
|imag_sample_out_2_d1        |  out|   32|   ap_memory|  imag_sample_out_2|         array|
|imag_sample_out_3_address0  |  out|    5|   ap_memory|  imag_sample_out_3|         array|
|imag_sample_out_3_ce0       |  out|    1|   ap_memory|  imag_sample_out_3|         array|
|imag_sample_out_3_we0       |  out|    1|   ap_memory|  imag_sample_out_3|         array|
|imag_sample_out_3_d0        |  out|   32|   ap_memory|  imag_sample_out_3|         array|
|imag_sample_out_3_address1  |  out|    5|   ap_memory|  imag_sample_out_3|         array|
|imag_sample_out_3_ce1       |  out|    1|   ap_memory|  imag_sample_out_3|         array|
|imag_sample_out_3_we1       |  out|    1|   ap_memory|  imag_sample_out_3|         array|
|imag_sample_out_3_d1        |  out|   32|   ap_memory|  imag_sample_out_3|         array|
|imag_sample_out_4_address0  |  out|    5|   ap_memory|  imag_sample_out_4|         array|
|imag_sample_out_4_ce0       |  out|    1|   ap_memory|  imag_sample_out_4|         array|
|imag_sample_out_4_we0       |  out|    1|   ap_memory|  imag_sample_out_4|         array|
|imag_sample_out_4_d0        |  out|   32|   ap_memory|  imag_sample_out_4|         array|
|imag_sample_out_4_address1  |  out|    5|   ap_memory|  imag_sample_out_4|         array|
|imag_sample_out_4_ce1       |  out|    1|   ap_memory|  imag_sample_out_4|         array|
|imag_sample_out_4_we1       |  out|    1|   ap_memory|  imag_sample_out_4|         array|
|imag_sample_out_4_d1        |  out|   32|   ap_memory|  imag_sample_out_4|         array|
|imag_sample_out_5_address0  |  out|    5|   ap_memory|  imag_sample_out_5|         array|
|imag_sample_out_5_ce0       |  out|    1|   ap_memory|  imag_sample_out_5|         array|
|imag_sample_out_5_we0       |  out|    1|   ap_memory|  imag_sample_out_5|         array|
|imag_sample_out_5_d0        |  out|   32|   ap_memory|  imag_sample_out_5|         array|
|imag_sample_out_5_address1  |  out|    5|   ap_memory|  imag_sample_out_5|         array|
|imag_sample_out_5_ce1       |  out|    1|   ap_memory|  imag_sample_out_5|         array|
|imag_sample_out_5_we1       |  out|    1|   ap_memory|  imag_sample_out_5|         array|
|imag_sample_out_5_d1        |  out|   32|   ap_memory|  imag_sample_out_5|         array|
|imag_sample_out_6_address0  |  out|    5|   ap_memory|  imag_sample_out_6|         array|
|imag_sample_out_6_ce0       |  out|    1|   ap_memory|  imag_sample_out_6|         array|
|imag_sample_out_6_we0       |  out|    1|   ap_memory|  imag_sample_out_6|         array|
|imag_sample_out_6_d0        |  out|   32|   ap_memory|  imag_sample_out_6|         array|
|imag_sample_out_6_address1  |  out|    5|   ap_memory|  imag_sample_out_6|         array|
|imag_sample_out_6_ce1       |  out|    1|   ap_memory|  imag_sample_out_6|         array|
|imag_sample_out_6_we1       |  out|    1|   ap_memory|  imag_sample_out_6|         array|
|imag_sample_out_6_d1        |  out|   32|   ap_memory|  imag_sample_out_6|         array|
|imag_sample_out_7_address0  |  out|    5|   ap_memory|  imag_sample_out_7|         array|
|imag_sample_out_7_ce0       |  out|    1|   ap_memory|  imag_sample_out_7|         array|
|imag_sample_out_7_we0       |  out|    1|   ap_memory|  imag_sample_out_7|         array|
|imag_sample_out_7_d0        |  out|   32|   ap_memory|  imag_sample_out_7|         array|
|imag_sample_out_7_address1  |  out|    5|   ap_memory|  imag_sample_out_7|         array|
|imag_sample_out_7_ce1       |  out|    1|   ap_memory|  imag_sample_out_7|         array|
|imag_sample_out_7_we1       |  out|    1|   ap_memory|  imag_sample_out_7|         array|
|imag_sample_out_7_d1        |  out|   32|   ap_memory|  imag_sample_out_7|         array|
+----------------------------+-----+-----+------------+-------------------+--------------+

