

================================================================
== Vitis HLS Report for 'dft'
================================================================
* Date:           Wed Nov 15 19:58:03 2023

* Version:        2023.1 (Build 3854077 on May  4 2023)
* Project:        hls
* Solution:       solution1 (Vivado IP Flow Target)
* Product family: zynq
* Target device:  xc7z020-clg400-1


================================================================
== Performance Estimates
================================================================
+ Timing: 
    * Summary: 
    +--------+----------+----------+------------+
    |  Clock |  Target  | Estimated| Uncertainty|
    +--------+----------+----------+------------+
    |ap_clk  |  10.00 ns|  7.256 ns|     2.70 ns|
    +--------+----------+----------+------------+

+ Latency: 
    * Summary: 
    +---------+---------+-----------+-----------+---------+---------+---------+
    |  Latency (cycles) |   Latency (absolute)  |      Interval     | Pipeline|
    |   min   |   max   |    min    |    max    |   min   |   max   |   Type  |
    +---------+---------+-----------+-----------+---------+---------+---------+
    |  1049348|  1049348|  10.493 ms|  10.493 ms|  1049349|  1049349|       no|
    +---------+---------+-----------+-----------+---------+---------+---------+

    + Detail: 
        * Instance: 
        +-----------------------------------------+------------------------------+---------+---------+----------+----------+-----+-----+---------+
        |                                         |                              |  Latency (cycles) |  Latency (absolute) |  Interval | Pipeline|
        |                 Instance                |            Module            |   min   |   max   |    min   |    max   | min | max |   Type  |
        +-----------------------------------------+------------------------------+---------+---------+----------+----------+-----+-----+---------+
        |grp_dft_Pipeline_VITIS_LOOP_34_3_fu_190  |dft_Pipeline_VITIS_LOOP_34_3  |      258|      258|  2.580 us|  2.580 us|  258|  258|       no|
        +-----------------------------------------+------------------------------+---------+---------+----------+----------+-----+-----+---------+

        * Loop: 
        +--------------------+---------+---------+----------+-----------+-----------+------+----------+
        |                    |  Latency (cycles) | Iteration|  Initiation Interval  | Trip |          |
        |      Loop Name     |   min   |   max   |  Latency |  achieved |   target  | Count| Pipelined|
        +--------------------+---------+---------+----------+-----------+-----------+------+----------+
        |- VITIS_LOOP_16_1   |  1049088|  1049088|      4098|          -|          -|   256|        no|
        | + VITIS_LOOP_21_2  |     4096|     4096|        16|          -|          -|   256|        no|
        +--------------------+---------+---------+----------+-----------+-----------+------+----------+



================================================================
== Utilization Estimates
================================================================
* Summary: 
+-----------------+---------+-----+--------+-------+-----+
|       Name      | BRAM_18K| DSP |   FF   |  LUT  | URAM|
+-----------------+---------+-----+--------+-------+-----+
|DSP              |        -|    -|       -|      -|    -|
|Expression       |        -|    -|       0|     69|    -|
|FIFO             |        -|    -|       -|      -|    -|
|Instance         |        -|   16|    1003|   2129|    -|
|Memory           |        4|    -|       0|      0|    0|
|Multiplexer      |        -|    -|       -|    271|    -|
|Register         |        -|    -|     480|      -|    -|
+-----------------+---------+-----+--------+-------+-----+
|Total            |        4|   16|    1483|   2469|    0|
+-----------------+---------+-----+--------+-------+-----+
|Available        |      280|  220|  106400|  53200|    0|
+-----------------+---------+-----+--------+-------+-----+
|Utilization (%)  |        1|    7|       1|      4|    0|
+-----------------+---------+-----+--------+-------+-----+

+ Detail: 
    * Instance: 
    +-----------------------------------------+------------------------------------+---------+----+-----+-----+-----+
    |                 Instance                |               Module               | BRAM_18K| DSP|  FF | LUT | URAM|
    +-----------------------------------------+------------------------------------+---------+----+-----+-----+-----+
    |grp_dft_Pipeline_VITIS_LOOP_34_3_fu_190  |dft_Pipeline_VITIS_LOOP_34_3        |        0|   0|   21|   65|    0|
    |fadd_32ns_32ns_32_5_full_dsp_1_U6        |fadd_32ns_32ns_32_5_full_dsp_1      |        0|   2|  205|  390|    0|
    |faddfsub_32ns_32ns_32_5_full_dsp_1_U5    |faddfsub_32ns_32ns_32_5_full_dsp_1  |        0|   2|  205|  390|    0|
    |fmul_32ns_32ns_32_4_max_dsp_1_U7         |fmul_32ns_32ns_32_4_max_dsp_1       |        0|   3|  143|  321|    0|
    |fmul_32ns_32ns_32_4_max_dsp_1_U8         |fmul_32ns_32ns_32_4_max_dsp_1       |        0|   3|  143|  321|    0|
    |fmul_32ns_32ns_32_4_max_dsp_1_U9         |fmul_32ns_32ns_32_4_max_dsp_1       |        0|   3|  143|  321|    0|
    |fmul_32ns_32ns_32_4_max_dsp_1_U10        |fmul_32ns_32ns_32_4_max_dsp_1       |        0|   3|  143|  321|    0|
    +-----------------------------------------+------------------------------------+---------+----+-----+-----+-----+
    |Total                                    |                                    |        0|  16| 1003| 2129|    0|
    +-----------------------------------------+------------------------------------+---------+----+-----+-----+-----+

    * DSP: 
    N/A

    * Memory: 
    +--------------------------+------------------------------------+---------+---+----+-----+------+-----+------+-------------+
    |          Memory          |               Module               | BRAM_18K| FF| LUT| URAM| Words| Bits| Banks| W*Bits*Banks|
    +--------------------------+------------------------------------+---------+---+----+-----+------+-----+------+-------------+
    |cos_coefficients_table_U  |cos_coefficients_table_ROM_AUTO_1R  |        1|  0|   0|    0|   256|   32|     1|         8192|
    |sin_coefficients_table_U  |sin_coefficients_table_ROM_AUTO_1R  |        1|  0|   0|    0|   256|   32|     1|         8192|
    |temp_real_U               |temp_real_RAM_AUTO_1R1W             |        1|  0|   0|    0|   256|   32|     1|         8192|
    |temp_imag_U               |temp_real_RAM_AUTO_1R1W             |        1|  0|   0|    0|   256|   32|     1|         8192|
    +--------------------------+------------------------------------+---------+---+----+-----+------+-----+------+-------------+
    |Total                     |                                    |        4|  0|   0|    0|  1024|  128|     4|        32768|
    +--------------------------+------------------------------------+---------+---+----+-----+------+-----+------+-------------+

    * FIFO: 
    N/A

    * Expression: 
    +---------------------+----------+----+---+----+------------+------------+
    |    Variable Name    | Operation| DSP| FF| LUT| Bitwidth P0| Bitwidth P1|
    +---------------------+----------+----+---+----+------------+------------+
    |add_ln16_fu_250_p2   |         +|   0|  0|  14|           9|           1|
    |add_ln21_fu_268_p2   |         +|   0|  0|  14|           9|           1|
    |add_ln24_fu_274_p2   |         +|   0|  0|  15|           8|           8|
    |icmp_ln16_fu_244_p2  |      icmp|   0|  0|  13|           9|          10|
    |icmp_ln21_fu_262_p2  |      icmp|   0|  0|  13|           9|          10|
    +---------------------+----------+----+---+----+------------+------------+
    |Total                |          |   0|  0|  69|          44|          30|
    +---------------------+----------+----+---+----+------------+------------+

    * Multiplexer: 
    +--------------------+-----+-----------+-----+-----------+
    |        Name        | LUT | Input Size| Bits| Total Bits|
    +--------------------+-----+-----------+-----+-----------+
    |add261012_reg_166   |    9|          2|   32|         64|
    |add913_reg_153      |    9|          2|   32|         64|
    |ap_NS_fsm           |  100|         20|    1|         20|
    |grp_fu_200_opcode   |   14|          3|    2|          6|
    |grp_fu_200_p0       |   14|          3|   32|         96|
    |grp_fu_200_p1       |   14|          3|   32|         96|
    |grp_fu_204_p0       |   14|          3|   32|         96|
    |grp_fu_204_p1       |   14|          3|   32|         96|
    |i_fu_56             |    9|          2|    9|         18|
    |index_reg_179       |    9|          2|    8|         16|
    |j_reg_142           |    9|          2|    9|         18|
    |temp_imag_address0  |   14|          3|    8|         24|
    |temp_imag_ce0       |   14|          3|    1|          3|
    |temp_real_address0  |   14|          3|    8|         24|
    |temp_real_ce0       |   14|          3|    1|          3|
    +--------------------+-----+-----------+-----+-----------+
    |Total               |  271|         57|  239|        644|
    +--------------------+-----+-----------+-----+-----------+

    * Register: 
    +------------------------------------------------------+----+----+-----+-----------+
    |                         Name                         | FF | LUT| Bits| Const Bits|
    +------------------------------------------------------+----+----+-----+-----------+
    |add1_reg_421                                          |  32|   0|   32|          0|
    |add261012_reg_166                                     |  32|   0|   32|          0|
    |add913_reg_153                                        |  32|   0|   32|          0|
    |add_ln16_reg_314                                      |   9|   0|    9|          0|
    |add_ln21_reg_332                                      |   9|   0|    9|          0|
    |add_ln24_reg_337                                      |   8|   0|    8|          0|
    |ap_CS_fsm                                             |  19|   0|   19|          0|
    |c_reg_362                                             |  32|   0|   32|          0|
    |grp_dft_Pipeline_VITIS_LOOP_34_3_fu_190_ap_start_reg  |   1|   0|    1|          0|
    |i_fu_56                                               |   9|   0|    9|          0|
    |imag_sample_in_load_reg_379                           |  32|   0|   32|          0|
    |index_reg_179                                         |   8|   0|    8|          0|
    |j_reg_142                                             |   9|   0|    9|          0|
    |mul1_reg_401                                          |  32|   0|   32|          0|
    |mul2_reg_406                                          |  32|   0|   32|          0|
    |mul3_reg_411                                          |  32|   0|   32|          0|
    |mul_reg_396                                           |  32|   0|   32|          0|
    |real_sample_in_load_reg_374                           |  32|   0|   32|          0|
    |s_reg_368                                             |  32|   0|   32|          0|
    |sub_reg_416                                           |  32|   0|   32|          0|
    |temp_imag_addr_reg_324                                |   8|   0|    8|          0|
    |temp_real_addr_reg_319                                |   8|   0|    8|          0|
    |trunc_ln24_reg_306                                    |   8|   0|    8|          0|
    +------------------------------------------------------+----+----+-----+-----------+
    |Total                                                 | 480|   0|  480|          0|
    +------------------------------------------------------+----+----+-----+-----------+



================================================================
== Interface
================================================================
* Summary: 
+--------------------------+-----+-----+------------+-----------------+--------------+
|         RTL Ports        | Dir | Bits|  Protocol  |  Source Object  |    C Type    |
+--------------------------+-----+-----+------------+-----------------+--------------+
|ap_clk                    |   in|    1|  ap_ctrl_hs|              dft|  return value|
|ap_rst                    |   in|    1|  ap_ctrl_hs|              dft|  return value|
|ap_start                  |   in|    1|  ap_ctrl_hs|              dft|  return value|
|ap_done                   |  out|    1|  ap_ctrl_hs|              dft|  return value|
|ap_idle                   |  out|    1|  ap_ctrl_hs|              dft|  return value|
|ap_ready                  |  out|    1|  ap_ctrl_hs|              dft|  return value|
|real_sample_in_address0   |  out|    8|   ap_memory|   real_sample_in|         array|
|real_sample_in_ce0        |  out|    1|   ap_memory|   real_sample_in|         array|
|real_sample_in_q0         |   in|   32|   ap_memory|   real_sample_in|         array|
|imag_sample_in_address0   |  out|    8|   ap_memory|   imag_sample_in|         array|
|imag_sample_in_ce0        |  out|    1|   ap_memory|   imag_sample_in|         array|
|imag_sample_in_q0         |   in|   32|   ap_memory|   imag_sample_in|         array|
|real_sample_out_address0  |  out|    8|   ap_memory|  real_sample_out|         array|
|real_sample_out_ce0       |  out|    1|   ap_memory|  real_sample_out|         array|
|real_sample_out_we0       |  out|    1|   ap_memory|  real_sample_out|         array|
|real_sample_out_d0        |  out|   32|   ap_memory|  real_sample_out|         array|
|imag_sample_out_address0  |  out|    8|   ap_memory|  imag_sample_out|         array|
|imag_sample_out_ce0       |  out|    1|   ap_memory|  imag_sample_out|         array|
|imag_sample_out_we0       |  out|    1|   ap_memory|  imag_sample_out|         array|
|imag_sample_out_d0        |  out|   32|   ap_memory|  imag_sample_out|         array|
+--------------------------+-----+-----+------------+-----------------+--------------+

